node.exe : ΓÜá Warning: Next.js 
inferred your workspace root, but 
it may not be correct.
At C:\Program 
Files\nodejs\npx.ps1:29 char:3
+   & $NODE_EXE $NPX_CLI_JS $args
+   ~~~~~~~~~~~~~~~~~~~~~~~~~~~~~
    + CategoryInfo          : NotS 
   pecified: (ΓÜá Warning: Ne...n  
  ot be correct.:String) [], Rem   
 oteException
    + FullyQualifiedErrorId : Nati 
   veCommandError
 
 We detected multiple lockfiles 
and selected the directory of 
C:\Users\Shive\pnpm-lock.yaml as 
the root directory.
 To silence this warning, set 
`turbopack.root` in your Next.js 
config, or consider removing one 
of the lockfiles if it's not 
needed.
   See https://nextjs.org/docs/app/
api-reference/config/next-config-js
/turbopack#root-directory for more 
information.
 Detected additional lockfiles: 
   * C:\Users\Shive\Downloads\shutt
erSync\my-app2\pnpm-lock.yaml

Γû▓ Next.js 16.1.6 (Turbopack)
- Environments: .env.local

  Creating an optimized production build ...
Error: Cannot apply unknown 
utility class `border-border`
    [2m[at onInvalidCandidate (C:\
Users\Shive\Downloads\shutterSync\m
y-app2\node_modules\.pnpm\tailwindc
ss@4.1.18\node_modules\tailwindcss\
dist\lib.js:21:1511)][0m
    [2m[at Te (C:\Users\Shive\Down
loads\shutterSync\my-app2\node_modu
les\.pnpm\tailwindcss@4.1.18\node_m
odules\tailwindcss\dist\lib.js:16:3
6652)][0m
    [2m[at C:\Users\Shive\Download
s\shutterSync\my-app2\node_modules\
.pnpm\tailwindcss@4.1.18\node_modul
es\tailwindcss\dist\lib.js:21:355]
[0m
    [2m[at Rr (C:\Users\Shive\Down
loads\shutterSync\my-app2\node_modu
les\.pnpm\tailwindcss@4.1.18\node_m
odules\tailwindcss\dist\lib.js:3:17
18)][0m
    [2m[at _ (C:\Users\Shive\Downl
oads\shutterSync\my-app2\node_modul
es\.pnpm\tailwindcss@4.1.18\node_mo
dules\tailwindcss\dist\lib.js:3:137
7)][0m
    [2m[at $e (C:\Users\Shive\Down
loads\shutterSync\my-app2\node_modu
les\.pnpm\tailwindcss@4.1.18\node_m
odules\tailwindcss\dist\lib.js:21:1
72)][0m
    [2m[at un (C:\Users\Shive\Down
loads\shutterSync\my-app2\node_modu
les\.pnpm\tailwindcss@4.1.18\node_m
odules\tailwindcss\dist\lib.js:38:2
94)][0m
    [2m[at async cn (C:\Users\Shiv
e\Downloads\shutterSync\my-app2\nod
e_modules\.pnpm\tailwindcss@4.1.18\
node_modules\tailwindcss\dist\lib.j
s:38:631)][0m
    [2m[at async Xr (C:\Users\Shiv
e\Downloads\shutterSync\my-app2\nod
e_modules\.pnpm\@tailwindcss+node@4
.1.18\node_modules\@tailwindcss\nod
e\dist\index.js:10:3417)][0m
    [2m[at async I (C:\Users\Shive
\Downloads\shutterSync\my-app2\node
_modules\.pnpm\@tailwindcss+postcss
@4.1.18\node_modules\@tailwindcss\p
ostcss\dist\index.js:10:3977)][0m

> Build error occurred
Error: Turbopack build failed with 
1 errors:
./Downloads/shutterSync/my-app2/app
/globals.css
Error evaluating Node.js code
CssSyntaxError: tailwindcss: C:\Use
rs\Shive\Downloads\shutterSync\my-a
pp2\app\globals.css:1:1: Cannot 
apply unknown utility class 
`border-border`
    at Input.error (node_modules/po
stcss/lib/input.js:135:16) [C:\User
s\Shive\Downloads\shutterSync\my-ap
p2\.next\build\chunks\node_modules_
fe693df6._.js:4651:22]
    at Root.error (node_modules/pos
tcss/lib/node.js:146:32) [C:\Users\
Shive\Downloads\shutterSync\my-app2
\.next\build\chunks\node_modules_fe
693df6._.js:928:38]
    [at Object.Once (C:\Users\Shive
\Downloads\shutterSync\my-app2\node
_modules\.pnpm\@tailwindcss+postcss
@4.1.18\node_modules\@tailwindcss\p
ostcss\dist\index.js:10:6911)]
    at async LazyResult.runAsync (n
ode_modules/postcss/lib/lazy-result
.js:293:11) [C:\Users\Shive\Downloa
ds\shutterSync\my-app2\.next\build\
chunks\node_modules_fe693df6._.js:6
206:21]
    at async transform (turbopack:/
//[turbopack-node]/transforms/postc
ss.ts:70:34) [C:\Users\Shive\Downlo
ads\shutterSync\my-app2\.next\build
\chunks\[root-of-the-server]__e7bb2
ad3._.js:146:36]
    at async run (turbopack:///[tur
bopack-node]/ipc/evaluate.ts:92:23)
 [C:\Users\Shive\Downloads\shutterS
ync\my-app2\.next\build\chunks\[roo
t-of-the-server]__5084b07b._.js:443
:31]

Import trace:
  Client Component Browser:
    ./Downloads/shutterSync/my-app2
/app/globals.css [Client Component 
Browser]
    ./Downloads/shutterSync/my-app2
/app/layout.tsx [Server Component]


    at async transform (turbopack:/
//[turbopack-node]/transforms/postc
ss.ts:70:34) [C:\Users\Shive\Downlo
ads\shutterSync\my-app2\.next\build
\chunks\[root-of-the-server]__e7bb2
ad3._.js:146:36])
    at async run (turbopack:///[tur
bopack-node]/ipc/evaluate.ts:92:23)
 [C:\Users\Shive\Downloads\shutterS
ync\my-app2\.next\build\chunks\[roo
t-of-the-server]__5084b07b._.js:443
:31])
